// Jest Snapshot v1, https://jestjs.io/docs/snapshot-testing

exports[`Navbar matches snapshot 1`] = `
<div>
  <nav
    class="fixed top-0 left-0 right-0 z-50 transition-all duration-300 bg-transparent"
  >
    <div
      class="max-w-6xl mx-auto px-6 py-4"
    >
      <div
        class="flex items-center justify-between"
      >
        <a
          class="flex items-center group"
          href="#"
        >
          <div
            class="relative"
          >
            <img
              alt="Kevin Fallas"
              class="h-8 w-auto transition-all duration-300 group-hover:opacity-80"
              src="/logo.png"
            />
            <span
              class="absolute -inset-2 rounded-full bg-blue-500/20 blur-md opacity-0 group-hover:opacity-100 transition-opacity duration-300"
            />
          </div>
        </a>
        <div
          class="hidden md:flex items-center gap-1"
        >
          <a
            class="relative px-4 py-2 text-sm font-medium transition-all duration-200 text-slate-400 hover:text-slate-200"
            href="#home"
          >
            <span
              class="relative z-10"
            >
              Home
            </span>
          </a>
          <a
            class="relative px-4 py-2 text-sm font-medium transition-all duration-200 text-slate-400 hover:text-slate-200"
            href="#about"
          >
            <span
              class="relative z-10"
            >
              About
            </span>
          </a>
          <a
            class="relative px-4 py-2 text-sm font-medium transition-all duration-200 text-slate-400 hover:text-slate-200"
            href="#skills"
          >
            <span
              class="relative z-10"
            >
              Skills
            </span>
          </a>
          <a
            class="relative px-4 py-2 text-sm font-medium transition-all duration-200 text-slate-400 hover:text-slate-200"
            href="#journey"
          >
            <span
              class="relative z-10"
            >
              Journey
            </span>
          </a>
          <a
            class="relative px-4 py-2 text-sm font-medium transition-all duration-200 text-slate-400 hover:text-slate-200"
            href="#projects"
          >
            <span
              class="relative z-10"
            >
              Projects
            </span>
          </a>
        </div>
        <button
          aria-label="Toggle menu"
          class="md:hidden p-2 text-slate-400 hover:text-white transition-colors"
        >
          <svg
            aria-hidden="true"
            class="lucide lucide-menu"
            fill="none"
            height="24"
            stroke="currentColor"
            stroke-linecap="round"
            stroke-linejoin="round"
            stroke-width="2"
            viewBox="0 0 24 24"
            width="24"
            xmlns="http://www.w3.org/2000/svg"
          >
            <path
              d="M4 5h16"
            />
            <path
              d="M4 12h16"
            />
            <path
              d="M4 19h16"
            />
          </svg>
        </button>
      </div>
    </div>
  </nav>
</div>
`;
