// Jest Snapshot v1, https://jestjs.io/docs/snapshot-testing

exports[`Journey matches snapshot 1`] = `
<div>
  <section
    class="py-24 px-6 relative"
    id="journey"
  >
    <div
      class="absolute inset-0 bg-slate-950/50"
    />
    <div
      class="absolute inset-0 overflow-hidden pointer-events-none"
    >
      <div
        class="absolute top-1/3 right-0 w-[500px] h-[500px] rounded-full bg-blue-500/5 blur-[100px]"
      />
    </div>
    <div
      class="max-w-4xl mx-auto relative z-10"
    >
      <h2
        class="text-3xl md:text-4xl font-bold text-white mb-12 text-center"
      >
        My Journey
      </h2>
      <div
        class="relative"
      >
        <div
          class="absolute left-[11px] top-4 bottom-4 w-0.5 bg-gradient-to-b from-blue-500/40 via-blue-500/20 to-transparent"
        />
        <div
          class="space-y-8"
        >
          <div
            class="relative pl-10"
          >
            <div
              class="absolute left-0 top-3 w-6 h-6"
            >
              <div
                class="w-6 h-6 rounded-full bg-slate-900 border-2 border-blue-500/50"
              />
              <div
                class="absolute inset-0 rounded-full bg-blue-500/20 animate-pulse"
              />
            </div>
            <div
              class="group bg-slate-900/80 p-6 rounded-xl border border-slate-800 hover:border-blue-500/30 transition-all duration-300"
            >
              <div
                class="flex flex-col md:flex-row md:justify-between md:items-start gap-2 mb-3"
              >
                <div>
                  <h3
                    class="text-xl font-semibold text-white group-hover:text-blue-100 transition-colors"
                  >
                    Software Engineer
                  </h3>
                  <p
                    class="text-blue-400 flex items-center gap-2 mt-1"
                  >
                    Freelance
                    <span
                      class="text-slate-500"
                    >
                      •
                    </span>
                    <span
                      class="text-slate-400 text-sm"
                    >
                      Costa Rica (Remote)
                    </span>
                  </p>
                </div>
                <span
                  class="text-sm text-slate-500 font-medium px-3 py-1 bg-slate-800/50 rounded-full"
                >
                  2023 - Present
                </span>
              </div>
              <div
                class="space-y-2"
              >
                <p
                  class="text-slate-400 text-sm leading-relaxed"
                >
                  Designed and developed TimeIn, a full-stack web application for CCK focused on improving team productivity and workflow management. Owned the entire development lifecycle, from architecture and implementation to deployment and maintenance, using Next.js and backend services.
                </p>
                <p
                  class="text-slate-400 text-sm leading-relaxed"
                >
                  The application includes authentication, reporting, and task tracking features, and is deployed on Vercel.
                </p>
                <p
                  class="text-slate-400 text-sm leading-relaxed"
                >
                  Also contributed to the architecture and frontend development of an online car marketplace using Next.js. Although the project was discontinued, it demonstrates experience in building scalable applications and adapting to evolving project requirements.
                </p>
              </div>
            </div>
          </div>
          <div
            class="relative pl-10"
          >
            <div
              class="absolute left-0 top-3 w-6 h-6"
            >
              <div
                class="w-6 h-6 rounded-full bg-slate-900 border-2 border-blue-500/50"
              />
              <div
                class="absolute inset-0 rounded-full bg-blue-500/20 animate-pulse"
              />
            </div>
            <div
              class="group bg-slate-900/80 p-6 rounded-xl border border-slate-800 hover:border-blue-500/30 transition-all duration-300"
            >
              <div
                class="flex flex-col md:flex-row md:justify-between md:items-start gap-2 mb-3"
              >
                <div>
                  <h3
                    class="text-xl font-semibold text-white group-hover:text-blue-100 transition-colors"
                  >
                    Senior Consultant
                  </h3>
                  <p
                    class="text-blue-400 flex items-center gap-2 mt-1"
                  >
                    Gorilla Logic
                    <span
                      class="text-slate-500"
                    >
                      •
                    </span>
                    <span
                      class="text-slate-400 text-sm"
                    >
                      Costa Rica (Remote / Nearshore)
                    </span>
                  </p>
                </div>
                <span
                  class="text-sm text-slate-500 font-medium px-3 py-1 bg-slate-800/50 rounded-full"
                >
                  2019 - 2022
                </span>
              </div>
              <div
                class="space-y-2"
              >
                <p
                  class="text-slate-400 text-sm leading-relaxed"
                >
                  Worked on a project for Zero to Three, a non-governmental organization, building an application to track child cases and generate reports. Implemented an end-to-end file upload and download system using Amazon S3, improving data handling capabilities.
                </p>
                <p
                  class="text-slate-400 text-sm leading-relaxed"
                >
                  Additionally, optimized reporting APIs, improving performance by up to 30% and ensuring responses completed within AWS API Gateway time limits.
                </p>
              </div>
            </div>
          </div>
          <div
            class="relative pl-10"
          >
            <div
              class="absolute left-0 top-3 w-6 h-6"
            >
              <div
                class="w-6 h-6 rounded-full bg-slate-900 border-2 border-blue-500/50"
              />
              <div
                class="absolute inset-0 rounded-full bg-blue-500/20 animate-pulse"
              />
            </div>
            <div
              class="group bg-slate-900/80 p-6 rounded-xl border border-slate-800 hover:border-blue-500/30 transition-all duration-300"
            >
              <div
                class="flex flex-col md:flex-row md:justify-between md:items-start gap-2 mb-3"
              >
                <div>
                  <h3
                    class="text-xl font-semibold text-white group-hover:text-blue-100 transition-colors"
                  >
                    Software Engineer
                  </h3>
                  <p
                    class="text-blue-400 flex items-center gap-2 mt-1"
                  >
                    First Factory
                    <span
                      class="text-slate-500"
                    >
                      •
                    </span>
                    <span
                      class="text-slate-400 text-sm"
                    >
                      Costa Rica (Remote / Nearshore)
                    </span>
                  </p>
                </div>
                <span
                  class="text-sm text-slate-500 font-medium px-3 py-1 bg-slate-800/50 rounded-full"
                >
                  2018 - 2019
                </span>
              </div>
              <div
                class="space-y-2"
              >
                <p
                  class="text-slate-400 text-sm leading-relaxed"
                >
                  Contributed to multiple projects, including a high-impact initiative for the International Centre for Missing & Exploited Children. Helped design and build an application capable of comparing images of potential suspects against criminal databases using Amazon Rekognition.
                </p>
                <p
                  class="text-slate-400 text-sm leading-relaxed"
                >
                  This work focused on leveraging cloud-based machine learning services to support real-world investigations, providing both technical challenges and meaningful social impact.
                </p>
              </div>
            </div>
          </div>
          <div
            class="relative pl-10"
          >
            <div
              class="absolute left-0 top-3 w-6 h-6"
            >
              <div
                class="w-6 h-6 rounded-full bg-slate-900 border-2 border-blue-500/50"
              />
              <div
                class="absolute inset-0 rounded-full bg-blue-500/20 animate-pulse"
              />
            </div>
            <div
              class="group bg-slate-900/80 p-6 rounded-xl border border-slate-800 hover:border-blue-500/30 transition-all duration-300"
            >
              <div
                class="flex flex-col md:flex-row md:justify-between md:items-start gap-2 mb-3"
              >
                <div>
                  <h3
                    class="text-xl font-semibold text-white group-hover:text-blue-100 transition-colors"
                  >
                    Software Engineer
                  </h3>
                  <p
                    class="text-blue-400 flex items-center gap-2 mt-1"
                  >
                    Fiserv
                    <span
                      class="text-slate-500"
                    >
                      •
                    </span>
                    <span
                      class="text-slate-400 text-sm"
                    >
                      Costa Rica
                    </span>
                  </p>
                </div>
                <span
                  class="text-sm text-slate-500 font-medium px-3 py-1 bg-slate-800/50 rounded-full"
                >
                  2013 - 2015
                </span>
              </div>
              <div
                class="space-y-2"
              >
                <p
                  class="text-slate-400 text-sm leading-relaxed"
                >
                  Worked on multiple projects for U.S. and U.K. banking clients, contributing to production systems in a fintech environment. Collaborated with distributed, cross-functional teams across regions including the U.S. and New Zealand.
                </p>
                <p
                  class="text-slate-400 text-sm leading-relaxed"
                >
                  Gained experience building reliable solutions in regulated, high-impact environments and working effectively in fully remote teams.
                </p>
              </div>
            </div>
          </div>
          <div
            class="relative pl-10"
          >
            <div
              class="absolute left-0 top-3 w-6 h-6"
            >
              <div
                class="w-6 h-6 rounded-full bg-slate-900 border-2 border-blue-500/50"
              />
              <div
                class="absolute inset-0 rounded-full bg-blue-500/20 animate-pulse"
              />
            </div>
            <div
              class="group bg-slate-900/80 p-6 rounded-xl border border-slate-800 hover:border-blue-500/30 transition-all duration-300"
            >
              <div
                class="flex flex-col md:flex-row md:justify-between md:items-start gap-2 mb-3"
              >
                <div>
                  <h3
                    class="text-xl font-semibold text-white group-hover:text-blue-100 transition-colors"
                  >
                    Software Engineer
                  </h3>
                  <p
                    class="text-blue-400 flex items-center gap-2 mt-1"
                  >
                    Softland
                    <span
                      class="text-slate-500"
                    >
                      •
                    </span>
                    <span
                      class="text-slate-400 text-sm"
                    >
                      Costa Rica
                    </span>
                  </p>
                </div>
                <span
                  class="text-sm text-slate-500 font-medium px-3 py-1 bg-slate-800/50 rounded-full"
                >
                  2011 - 2013
                </span>
              </div>
              <div
                class="space-y-2"
              >
                <p
                  class="text-slate-400 text-sm leading-relaxed"
                >
                  Contributed to core modules of the Softland ERP system, including Billing and Purchasing, working on business-critical functionality.
                </p>
                <p
                  class="text-slate-400 text-sm leading-relaxed"
                >
                  Designed and developed a web service to expose key business indicators through APIs, enabling integration with an iOS application. This role provided early experience in both technical problem-solving and understanding business requirements in real-world systems.
                </p>
              </div>
            </div>
          </div>
        </div>
      </div>
    </div>
  </section>
</div>
`;
